[    0.000000] Linux version 4.15.0-124-generic (buildd@lgw01-amd64-029) (gcc version 7.5.0 (Ubuntu 7.5.0-3ubuntu1~18.04)) #127-Ubuntu SMP Fri Nov 6 10:54:43 UTC 2020 (Ubuntu 4.15.0-124.127-generic 4.15.18)
[    0.000000] Command line: BOOT_IMAGE=/boot/vmlinuz-4.15.0-124-generic root=LABEL=cloudimg-rootfs ro console=tty1 console=ttyS0
[    0.000000] KERNEL supported cpus:
[    0.000000]   Intel GenuineIntel
[    0.000000]   AMD AuthenticAMD
[    0.000000]   Centaur CentaurHauls
[    0.000000] x86/fpu: x87 FPU will use FXSAVE
[    0.000000] e820: BIOS-provided physical RAM map:
[    0.000000] BIOS-e820: [mem 0x0000000000000000-0x000000000009fbff] usable
[    0.000000] BIOS-e820: [mem 0x000000000009fc00-0x000000000009ffff] reserved
[    0.000000] BIOS-e820: [mem 0x00000000000f0000-0x00000000000fffff] reserved
[    0.000000] BIOS-e820: [mem 0x0000000000100000-0x000000003ffeffff] usable
[    0.000000] BIOS-e820: [mem 0x000000003fff0000-0x000000003fffffff] ACPI data
[    0.000000] BIOS-e820: [mem 0x00000000fec00000-0x00000000fec00fff] reserved
[    0.000000] BIOS-e820: [mem 0x00000000fee00000-0x00000000fee00fff] reserved
[    0.000000] BIOS-e820: [mem 0x00000000fffc0000-0x00000000ffffffff] reserved
[    0.000000] NX (Execute Disable) protection: active
[    0.000000] SMBIOS 2.5 present.
[    0.000000] DMI: innotek GmbH VirtualBox/VirtualBox, BIOS VirtualBox 12/01/2006
[    0.000000] Hypervisor detected: KVM
[    0.000000] e820: last_pfn = 0x3fff0 max_arch_pfn = 0x400000000
[    0.000000] MTRR: Disabled
[    0.000000] x86/PAT: MTRRs disabled, skipping PAT initialization too.
[    0.000000] CPU MTRRs all blank - virtualized system.
[    0.000000] x86/PAT: Configuration [0-7]: WB  WT  UC- UC  WB  WT  UC- UC  
[    0.000000] found SMP MP-table at [mem 0x0009fff0-0x0009ffff]
[    0.000000] Scanning 1 areas for low memory corruption
[    0.000000] RAMDISK: [mem 0x35a67000-0x36d2afff]
[    0.000000] ACPI: Early table checksum verification disabled
[    0.000000] ACPI: RSDP 0x00000000000E0000 000024 (v02 VBOX  )
[    0.000000] ACPI: XSDT 0x000000003FFF0030 00003C (v01 VBOX   VBOXXSDT 00000001 ASL  00000061)
[    0.000000] ACPI: FACP 0x000000003FFF00F0 0000F4 (v04 VBOX   VBOXFACP 00000001 ASL  00000061)
[    0.000000] ACPI: DSDT 0x000000003FFF0470 002325 (v02 VBOX   VBOXBIOS 00000002 INTL 20100528)
[    0.000000] ACPI: FACS 0x000000003FFF0200 000040
[    0.000000] ACPI: FACS 0x000000003FFF0200 000040
[    0.000000] ACPI: APIC 0x000000003FFF0240 000054 (v02 VBOX   VBOXAPIC 00000001 ASL  00000061)
[    0.000000] ACPI: SSDT 0x000000003FFF02A0 0001CC (v01 VBOX   VBOXCPUT 00000002 INTL 20100528)
[    0.000000] No NUMA configuration found
[    0.000000] Faking a node at [mem 0x0000000000000000-0x000000003ffeffff]
[    0.000000] NODE_DATA(0) allocated [mem 0x3ffc5000-0x3ffeffff]
[    0.000000] kvm-clock: cpu 0, msr 0:3ff44001, primary cpu clock
[    0.000000] kvm-clock: Using msrs 4b564d01 and 4b564d00
[    0.000000] kvm-clock: using sched offset of 4601182619 cycles
[    0.000000] clocksource: kvm-clock: mask: 0xffffffffffffffff max_cycles: 0x1cd42e4dffb, max_idle_ns: 881590591483 ns
[    0.000000] Zone ranges:
[    0.000000]   DMA      [mem 0x0000000000001000-0x0000000000ffffff]
[    0.000000]   DMA32    [mem 0x0000000001000000-0x000000003ffeffff]
[    0.000000]   Normal   empty
[    0.000000]   Device   empty
[    0.000000] Movable zone start for each node
[    0.000000] Early memory node ranges
[    0.000000]   node   0: [mem 0x0000000000001000-0x000000000009efff]
[    0.000000]   node   0: [mem 0x0000000000100000-0x000000003ffeffff]
[    0.000000] Reserved but unavailable: 98 pages
[    0.000000] Initmem setup node 0 [mem 0x0000000000001000-0x000000003ffeffff]
[    0.000000] ACPI: PM-Timer IO Port: 0x4008
[    0.000000] IOAPIC[0]: apic_id 1, version 32, address 0xfec00000, GSI 0-23
[    0.000000] ACPI: INT_SRC_OVR (bus 0 bus_irq 0 global_irq 2 dfl dfl)
[    0.000000] ACPI: INT_SRC_OVR (bus 0 bus_irq 9 global_irq 9 low level)
[    0.000000] Using ACPI (MADT) for SMP configuration information
[    0.000000] smpboot: Allowing 1 CPUs, 0 hotplug CPUs
[    0.000000] PM: Registered nosave memory: [mem 0x00000000-0x00000fff]
[    0.000000] PM: Registered nosave memory: [mem 0x0009f000-0x0009ffff]
[    0.000000] PM: Registered nosave memory: [mem 0x000a0000-0x000effff]
[    0.000000] PM: Registered nosave memory: [mem 0x000f0000-0x000fffff]
[    0.000000] e820: [mem 0x40000000-0xfebfffff] available for PCI devices
[    0.000000] Booting paravirtualized kernel on KVM
[    0.000000] clocksource: refined-jiffies: mask: 0xffffffff max_cycles: 0xffffffff, max_idle_ns: 7645519600211568 ns
[    0.000000] random: get_random_bytes called from start_kernel+0x99/0x500 with crng_init=0
[    0.000000] setup_percpu: NR_CPUS:8192 nr_cpumask_bits:1 nr_cpu_ids:1 nr_node_ids:1
[    0.000000] percpu: Embedded 45 pages/cpu s147456 r8192 d28672 u2097152
[    0.000000] PV qspinlock hash table entries: 256 (order: 0, 4096 bytes)
[    0.000000] Built 1 zonelists, mobility grouping on.  Total pages: 257913
[    0.000000] Policy zone: DMA32
[    0.000000] Kernel command line: BOOT_IMAGE=/boot/vmlinuz-4.15.0-124-generic root=LABEL=cloudimg-rootfs ro console=tty1 console=ttyS0
[    0.000000] Memory: 983212K/1048120K available (12300K kernel code, 2482K rwdata, 4272K rodata, 2436K init, 2724K bss, 64908K reserved, 0K cma-reserved)
[    0.000000] SLUB: HWalign=64, Order=0-3, MinObjects=0, CPUs=1, Nodes=1
[    0.000000] Kernel/User page tables isolation: enabled
[    0.000000] ftrace: allocating 39402 entries in 154 pages
[    0.004000] Hierarchical RCU implementation.
[    0.004000] 	RCU restricting CPUs from NR_CPUS=8192 to nr_cpu_ids=1.
[    0.004000] 	Tasks RCU enabled.
[    0.004000] RCU: Adjusting geometry for rcu_fanout_leaf=16, nr_cpu_ids=1
[    0.004000] NR_IRQS: 524544, nr_irqs: 256, preallocated irqs: 16
[    0.004000] Console: colour VGA+ 80x25
[    0.004000] console [tty1] enabled
[    0.004000] console [ttyS0] enabled
[    0.004000] ACPI: Core revision 20170831
[    0.004000] ACPI: 2 ACPI AML tables successfully acquired and loaded
[    0.004000] APIC: Switch to symmetric I/O mode setup
[    0.004000] ..TIMER: vector=0x30 apic1=0 pin1=2 apic2=-1 pin2=-1
[    0.004003] tsc: Detected 3192.010 MHz processor
[    0.008008] Calibrating delay loop (skipped) preset value.. 6384.02 BogoMIPS (lpj=12768040)
[    0.012002] pid_max: default: 32768 minimum: 301
[    0.014608] Security Framework initialized
[    0.016002] Yama: becoming mindful.
[    0.020016] AppArmor: AppArmor initialized
[    0.028356] Dentry cache hash table entries: 131072 (order: 8, 1048576 bytes)
[    0.033610] Inode-cache hash table entries: 65536 (order: 7, 524288 bytes)
[    0.036079] Mount-cache hash table entries: 2048 (order: 2, 16384 bytes)
[    0.040095] Mountpoint-cache hash table entries: 2048 (order: 2, 16384 bytes)
[    0.044954] Last level iTLB entries: 4KB 64, 2MB 8, 4MB 8
[    0.048002] Last level dTLB entries: 4KB 64, 2MB 0, 4MB 0, 1GB 4
[    0.052003] Spectre V1 : Mitigation: usercopy/swapgs barriers and __user pointer sanitization
[    0.056002] Spectre V2 : Mitigation: Full generic retpoline
[    0.060001] Spectre V2 : Spectre v2 / SpectreRSB mitigation: Filling RSB on context switch
[    0.064002] Speculative Store Bypass: Vulnerable
[    0.066987] MDS: Vulnerable: Clear CPU buffers attempted, no microcode
[    0.076017] Freeing SMP alternatives memory: 36K
[    0.188354] smpboot: CPU0: Intel(R) Core(TM) i7-8700 CPU @ 3.20GHz (family: 0x6, model: 0x9e, stepping: 0xa)
[    0.192343] Performance Events: unsupported p6 CPU model 158 no PMU driver, software events only.
[    0.196075] Hierarchical SRCU implementation.
[    0.200722] NMI watchdog: Perf event create on CPU 0 failed with -2
[    0.204001] NMI watchdog: Perf NMI watchdog permanently disabled
[    0.208210] smp: Bringing up secondary CPUs ...
[    0.212002] smp: Brought up 1 node, 1 CPU
[    0.214643] smpboot: Max logical packages: 1
[    0.216002] smpboot: Total of 1 processors activated (6384.02 BogoMIPS)
[    0.220227] devtmpfs: initialized
[    0.224071] x86/mm: Memory block size: 128MB
[    0.228319] evm: security.selinux
[    0.230957] evm: security.SMACK64
[    0.232003] evm: security.SMACK64EXEC
[    0.236062] evm: security.SMACK64TRANSMUTE
[    0.238672] evm: security.SMACK64MMAP
[    0.240002] evm: security.apparmor
[    0.244002] evm: security.ima
[    0.245887] evm: security.capability
[    0.248277] clocksource: jiffies: mask: 0xffffffff max_cycles: 0xffffffff, max_idle_ns: 7645041785100000 ns
[    0.252009] futex hash table entries: 256 (order: 2, 16384 bytes)
[    0.256087] pinctrl core: initialized pinctrl subsystem
[    0.260285] RTC time:  8:50:02, date: 03/11/21
[    0.264378] NET: Registered protocol family 16
[    0.266857] audit: initializing netlink subsys (disabled)
[    0.268509] cpuidle: using governor ladder
[    0.272006] audit: type=2000 audit(1615452608.169:1): state=initialized audit_enabled=0 res=1
[    0.276007] cpuidle: using governor menu
[    0.280039] ACPI: bus type PCI registered
[    0.282245] acpiphp: ACPI Hot Plug PCI Controller Driver version: 0.5
[    0.284338] PCI: Using configuration type 1 for base access
[    0.294648] HugeTLB registered 2.00 MiB page size, pre-allocated 0 pages
[    0.296315] ACPI: Added _OSI(Module Device)
[    0.300005] ACPI: Added _OSI(Processor Device)
[    0.304002] ACPI: Added _OSI(3.0 _SCP Extensions)
[    0.308002] ACPI: Added _OSI(Processor Aggregator Device)
[    0.310864] ACPI: Added _OSI(Linux-Dell-Video)
[    0.312002] ACPI: Added _OSI(Linux-Lenovo-NV-HDMI-Audio)
[    0.316002] ACPI: Added _OSI(Linux-HPI-Hybrid-Graphics)
[    0.319291] ACPI: Executed 1 blocks of module-level executable AML code
[    0.322805] ACPI: Interpreter enabled
[    0.324010] ACPI: (supports S0 S5)
[    0.325942] ACPI: Using IOAPIC for interrupt routing
[    0.328280] PCI: Using host bridge windows from ACPI; if necessary, use "pci=nocrs" and report a bug
[    0.332145] ACPI: Enabled 2 GPEs in block 00 to 07
[    0.342951] ACPI: PCI Root Bridge [PCI0] (domain 0000 [bus 00-ff])
[    0.344008] acpi PNP0A03:00: _OSC: OS supports [ASPM ClockPM Segments MSI]
[    0.352163] acpi PNP0A03:00: _OSC: not requesting OS control; OS requires [ExtendedConfig ASPM ClockPM MSI]
[    0.356010] acpi PNP0A03:00: fail to add MMCONFIG information, can't access extended PCI configuration space under this bridge.
[    0.364312] PCI host bridge to bus 0000:00
[    0.367042] pci_bus 0000:00: root bus resource [io  0x0000-0x0cf7 window]
[    0.368003] pci_bus 0000:00: root bus resource [io  0x0d00-0xffff window]
[    0.372003] pci_bus 0000:00: root bus resource [mem 0x000a0000-0x000bffff window]
[    0.376003] pci_bus 0000:00: root bus resource [mem 0x40000000-0xfdffffff window]
[    0.380003] pci_bus 0000:00: root bus resource [bus 00-ff]
[    0.386710] pci 0000:00:01.1: legacy IDE quirk: reg 0x10: [io  0x01f0-0x01f7]
[    0.388002] pci 0000:00:01.1: legacy IDE quirk: reg 0x14: [io  0x03f6]
[    0.392002] pci 0000:00:01.1: legacy IDE quirk: reg 0x18: [io  0x0170-0x0177]
[    0.396002] pci 0000:00:01.1: legacy IDE quirk: reg 0x1c: [io  0x0376]
[    0.464457] pci 0000:00:07.0: quirk: [io  0x4000-0x403f] claimed by PIIX4 ACPI
[    0.468026] pci 0000:00:07.0: quirk: [io  0x4100-0x410f] claimed by PIIX4 SMB
[    0.482050] ACPI: PCI Interrupt Link [LNKA] (IRQs 5 9 10 *11)
[    0.484392] ACPI: PCI Interrupt Link [LNKB] (IRQs 5 9 *10 11)
[    0.488137] ACPI: PCI Interrupt Link [LNKC] (IRQs 5 *9 10 11)
[    0.492133] ACPI: PCI Interrupt Link [LNKD] (IRQs 5 9 10 *11)
[    0.496334] SCSI subsystem initialized
[    0.500073] pci 0000:00:02.0: vgaarb: setting as boot VGA device
[    0.503904] pci 0000:00:02.0: vgaarb: VGA device added: decodes=io+mem,owns=io+mem,locks=none
[    0.504007] pci 0000:00:02.0: vgaarb: bridge control possible
[    0.508002] vgaarb: loaded
[    0.512033] ACPI: bus type USB registered
[    0.516019] usbcore: registered new interface driver usbfs
[    0.520009] usbcore: registered new interface driver hub
[    0.524014] usbcore: registered new device driver usb
[    0.528053] EDAC MC: Ver: 3.0.0
[    0.532381] PCI: Using ACPI for IRQ routing
[    0.536403] NetLabel: Initializing
[    0.540002] NetLabel:  domain hash size = 128
[    0.544001] NetLabel:  protocols = UNLABELED CIPSOv4 CALIPSO
[    0.548016] NetLabel:  unlabeled traffic allowed by default
[    0.552078] clocksource: Switched to clocksource kvm-clock
[    0.596989] VFS: Disk quotas dquot_6.6.0
[    0.599727] VFS: Dquot-cache hash table entries: 512 (order 0, 4096 bytes)
[    0.604506] AppArmor: AppArmor Filesystem Enabled
[    0.607074] pnp: PnP ACPI init
[    0.610006] pnp: PnP ACPI: found 3 devices
[    0.617985] clocksource: acpi_pm: mask: 0xffffff max_cycles: 0xffffff, max_idle_ns: 2085701024 ns
[    0.623742] NET: Registered protocol family 2
[    0.627132] TCP established hash table entries: 8192 (order: 4, 65536 bytes)
[    0.631385] TCP bind hash table entries: 8192 (order: 5, 131072 bytes)
[    0.635586] TCP: Hash tables configured (established 8192 bind 8192)
[    0.640330] UDP hash table entries: 512 (order: 2, 16384 bytes)
[    0.643667] UDP-Lite hash table entries: 512 (order: 2, 16384 bytes)
[    0.647836] NET: Registered protocol family 1
[    0.650881] pci 0000:00:00.0: Limiting direct PCI/PCI transfers
[    0.655193] pci 0000:00:01.0: Activating ISA DMA hang workarounds
[    0.659016] pci 0000:00:02.0: Video device with shadowed ROM at [mem 0x000c0000-0x000dffff]
[    0.664953] Unpacking initramfs...
[    1.100260] Freeing initrd memory: 19216K
[    1.104368] clocksource: tsc: mask: 0xffffffffffffffff max_cycles: 0x2e02cdeec24, max_idle_ns: 440795276831 ns
[    1.109822] platform rtc_cmos: registered platform RTC device (no PNP device found)
[    1.114747] Scanning for low memory corruption every 60 seconds
[    1.118554] Initialise system trusted keyrings
[    1.121128] Key type blacklist registered
[    1.123491] workingset: timestamp_bits=36 max_order=18 bucket_order=0
[    1.129723] zbud: loaded
[    1.131876] squashfs: version 4.0 (2009/01/31) Phillip Lougher
[    1.136461] fuse init (API version 7.26)
[    1.140628] Key type asymmetric registered
[    1.143349] Asymmetric key parser 'x509' registered
[    1.147001] Block layer SCSI generic (bsg) driver version 0.4 loaded (major 246)
[    1.151448] io scheduler noop registered
[    1.153929] io scheduler deadline registered
[    1.157027] io scheduler cfq registered (default)
[    1.159855] ACPI: AC Adapter [AC] (on-line)
[    1.162830] input: Power Button as /devices/LNXSYSTM:00/LNXPWRBN:00/input/input0
[    1.167148] ACPI: Power Button [PWRF]
[    1.169514] input: Sleep Button as /devices/LNXSYSTM:00/LNXSLPBN:00/input/input1
[    1.173680] ACPI: Sleep Button [SLPF]
[    1.176386] Serial: 8250/16550 driver, 32 ports, IRQ sharing enabled
[    1.208386] 00:02: ttyS0 at I/O 0x3f8 (irq = 4, base_baud = 115200) is a 16550A
[    1.216323] Linux agpgart interface v0.103
[    1.225773] loop: module loaded
[    1.228997] scsi host0: ata_piix
[    1.231348] scsi host1: ata_piix
[    1.233719] ata1: PATA max UDMA/33 cmd 0x1f0 ctl 0x3f6 bmdma 0xd000 irq 14
[    1.237473] ata2: PATA max UDMA/33 cmd 0x170 ctl 0x376 bmdma 0xd008 irq 15
[    1.242192] libphy: Fixed MDIO Bus: probed
[    1.244589] tun: Universal TUN/TAP device driver, 1.6
[    1.247886] PPP generic driver version 2.4.2
[    1.250908] ehci_hcd: USB 2.0 'Enhanced' Host Controller (EHCI) Driver
[    1.254754] ehci-pci: EHCI PCI platform driver
[    1.257329] ehci-platform: EHCI generic platform driver
[    1.260894] ohci_hcd: USB 1.1 'Open' Host Controller (OHCI) Driver
[    1.264321] ohci-pci: OHCI PCI platform driver
[    1.266769] ohci-platform: OHCI generic platform driver
[    1.269703] uhci_hcd: USB Universal Host Controller Interface driver
[    1.273280] i8042: PNP: PS/2 Controller [PNP0303:PS2K,PNP0f03:PS2M] at 0x60,0x64 irq 1,12
[    1.280466] serio: i8042 KBD port at 0x60,0x64 irq 1
[    1.283721] serio: i8042 AUX port at 0x60,0x64 irq 12
[    1.287144] mousedev: PS/2 mouse device common for all mice
[    1.291649] input: AT Translated Set 2 keyboard as /devices/platform/i8042/serio0/input/input2
[    1.298230] rtc_cmos rtc_cmos: rtc core: registered rtc_cmos as rtc0
[    1.302117] rtc_cmos rtc_cmos: alarms up to one day, 114 bytes nvram
[    1.306590] i2c /dev entries driver
[    1.308939] device-mapper: uevent: version 1.0.3
[    1.311892] device-mapper: ioctl: 4.37.0-ioctl (2017-09-20) initialised: dm-devel@redhat.com
[    1.317684] ledtrig-cpu: registered to indicate activity on CPUs
[    1.321204] NET: Registered protocol family 10
[    1.326789] Segment Routing with IPv6
[    1.329582] NET: Registered protocol family 17
[    1.332161] Key type dns_resolver registered
[    1.334596] mce: Using 0 MCE banks
[    1.336708] RAS: Correctable Errors collector initialized.
[    1.339685] sched_clock: Marking stable (1336618582, 0)->(1804985251, -468366669)
[    1.344828] registered taskstats version 1
[    1.347094] Loading compiled-in X.509 certificates
[    1.352180] Loaded X.509 cert 'Build time autogenerated kernel key: be62403dcace2d46f96dafa9f42421c610ef3c2a'
[    1.359146] zswap: loaded using pool lzo/zbud
[    1.364688] Key type big_key registered
[    1.367378] Key type trusted registered
[    1.371453] Key type encrypted registered
[    1.374024] AppArmor: AppArmor sha1 policy hashing enabled
[    1.377708] ima: No TPM chip found, activating TPM-bypass! (rc=-19)
[    1.381191] ima: Allocated hash algorithm: sha1
[    1.383786] evm: HMAC attrs: 0x1
[    1.386398]   Magic number: 13:441:826
[    1.388827] rtc_cmos rtc_cmos: setting system clock to 2021-03-11 08:50:03 UTC (1615452603)
[    1.393427] BIOS EDD facility v0.16 2004-Jun-25, 0 devices found
[    1.396745] EDD information not available.
[    1.446828] Freeing unused kernel image memory: 2436K
[    1.456775] Write protecting the kernel read-only data: 20480k
[    1.460772] Freeing unused kernel image memory: 2008K
[    1.464355] Freeing unused kernel image memory: 1872K
[    1.471777] x86/mm: Checked W+X mappings: passed, no W+X pages found.
[    1.476620] x86/mm: Checking user space page tables
[    1.483629] x86/mm: Checked W+X mappings: passed, no W+X pages found.
Loading, please wait...
starting version 237
[    1.585695] e1000: Intel(R) PRO/1000 Network Driver - version 7.3.21-k8-NAPI
[    1.590742] e1000: Copyright (c) 1999-2006 Intel Corporation.
[    1.597063] Fusion MPT base driver 3.04.20
[    1.600398] Copyright (c) 1999-2008 LSI Corporation
[    1.626780] Fusion MPT SPI Host driver 3.04.20
[    1.657775] mptbase: ioc0: Initiating bringup
[    1.757762] ioc0: LSI53C1030 A0: Capabilities={Initiator}
[    1.834793] input: ImExPS/2 Generic Explorer Mouse as /devices/platform/i8042/serio1/input/input4
[    2.017281] scsi host2: ioc0: LSI53C1030 A0, FwRev=00000000h, Ports=1, MaxQ=256, IRQ=20
[    2.190884] scsi 2:0:0:0: Direct-Access     VBOX     HARDDISK         1.0  PQ: 0 ANSI: 5
[    2.196497] scsi target2:0:0: Beginning Domain Validation
[    2.201800] random: fast init done
[    2.206722] scsi target2:0:0: Domain Validation skipping write tests
[    2.211087] scsi target2:0:0: Ending Domain Validation
[    2.214363] scsi target2:0:0: asynchronous
[    2.218738] scsi 2:0:1:0: Direct-Access     VBOX     HARDDISK         1.0  PQ: 0 ANSI: 5
[    2.224133] scsi target2:0:1: Beginning Domain Validation
[    2.291810] scsi target2:0:1: Domain Validation skipping write tests
[    2.296539] scsi target2:0:1: Ending Domain Validation
[    2.307000] scsi target2:0:1: asynchronous
[    2.426070] sd 2:0:0:0: Attached scsi generic sg0 type 0
[    2.430838] sd 2:0:0:0: [sda] 20971520 512-byte logical blocks: (10.7 GB/10.0 GiB)
[    2.435970] sd 2:0:1:0: Attached scsi generic sg1 type 0
[    2.439958] sd 2:0:0:0: [sda] Write Protect is off
[    2.443541] random: systemd-udevd: uninitialized urandom read (16 bytes read)
[    2.448806] sd 2:0:1:0: [sdb] 20480 512-byte logical blocks: (10.5 MB/10.0 MiB)
[    2.453213] sd 2:0:1:0: [sdb] Write Protect is off
[    2.456677] sd 2:0:0:0: [sda] Incomplete mode parameter data
[    2.459921] sd 2:0:0:0: [sda] Assuming drive cache: write through
[    2.471599] sd 2:0:1:0: [sdb] Incomplete mode parameter data
[    2.476013] sd 2:0:1:0: [sdb] Assuming drive cache: write through
[    2.480686] random: systemd-udevd: uninitialized urandom read (16 bytes read)
[    2.494894] random: systemd-udevd: uninitialized urandom read (16 bytes read)
[    2.500320]  sda: sda1
[    2.512903] sd 2:0:0:0: [sda] Attached SCSI disk
[    2.517203] sd 2:0:1:0: [sdb] Attached SCSI disk
[    2.910947] e1000 0000:00:03.0 eth0: (PCI:33MHz:32-bit) 02:60:71:1d:34:36
[    2.915847] e1000 0000:00:03.0 eth0: Intel(R) PRO/1000 Network Connection
[    3.495034] e1000 0000:00:08.0 eth1: (PCI:33MHz:32-bit) 08:00:27:b4:6c:a8
[    3.499891] e1000 0000:00:08.0 eth1: Intel(R) PRO/1000 Network Connection
[    3.505829] e1000 0000:00:08.0 enp0s8: renamed from eth1
[    3.519034] e1000 0000:00:03.0 enp0s3: renamed from eth0
Begin: Loading essential drivers ... [    5.448971] raid6: sse2x1   gen() 13473 MB/s
[    5.504096] raid6: sse2x1   xor() 10086 MB/s
[    5.556499] raid6: sse2x2   gen() 15885 MB/s
[    5.612037] raid6: sse2x2   xor() 11547 MB/s
[    5.664108] raid6: sse2x4   gen() 18730 MB/s
[    5.717941] raid6: sse2x4   xor() 12083 MB/s
[    5.721443] raid6: using algorithm sse2x4 gen() 18730 MB/s
[    5.724917] raid6: .... xor() 12083 MB/s, rmw enabled
[    5.728128] raid6: using ssse3x2 recovery algorithm
[    5.732036] xor: measuring software checksum speed
[    5.836183]    prefetch64-sse: 62488.000 MB/sec
[    5.948271]    generic_sse: 79054.000 MB/sec
[    5.952033] xor: using function: generic_sse (79054.000 MB/sec)
[    5.957256] async_tx: api initialized (async)
done.
Begin: Running /scripts/init-premount ... done.
Begin: Mounting root file system ... Begin: Running /scripts/local-top ... done.
Begin: Running /scripts/local-premount ... [    6.008637] Btrfs loaded, crc32c=crc32c-intel
Scanning for Btrfs filesystems
done.
Warning: fsck not present, so skipping root file system
[    6.057051] EXT4-fs (sda1): mounted filesystem with ordered data mode. Opts: (null)
done.
Begin: Running /scripts/local-bottom ... done.
Begin: Running /scripts/init-bottom ... done.
[    6.278075] ip_tables: (C) 2000-2006 Netfilter Core Team
[    6.296352] systemd[1]: systemd 237 running in system mode. (+PAM +AUDIT +SELINUX +IMA +APPARMOR +SMACK +SYSVINIT +UTMP +LIBCRYPTSETUP +GCRYPT +GNUTLS +ACL +XZ +LZ4 +SECCOMP +BLKID +ELFUTILS +KMOD -IDN2 +IDN -PCRE2 default-hierarchy=hybrid)
[    6.307679] systemd[1]: Detected virtualization oracle.
[    6.311569] systemd[1]: Detected architecture x86-64.

Welcome to [1mUbuntu 18.04.5 LTS[0m!

[    6.330001] systemd[1]: Set hostname to <ubuntu>.
[    6.343700] systemd[1]: Initializing machine ID from random generator.
[    6.348132] systemd[1]: Installed transient /etc/machine-id file.
[    6.655810] systemd[1]: Set up automount Arbitrary Executable File Formats File System Automount Point.
[[0;32m  OK  [0m] Set up automount Arbitrary Executabâ€¦rmats File System Automount Point.
[    6.665065] systemd[1]: Started Forward Password Requests to Wall Directory Watch.
[[0;32m  OK  [0m] Started Forward Password Requests to Wall Directory Watch.
[    6.671367] systemd[1]: Reached target User and Group Name Lookups.
[[0;32m  OK  [0m] Reached target User and Group Name Lookups.
[    6.678533] systemd[1]: Reached target System Time Synchronized.
[[0;32m  OK  [0m] Reached target System Time Synchronized.
[[0;32m  OK  [0m] Created slice System Slice.
[[0;32m  OK  [0m] Listening on Syslog Socket.
[[0;32m  OK  [0m] Listening on Journal Socket (/dev/log).
[[0;32m  OK  [0m] Listening on Journal Socket.
[[0;32m  OK  [0m] Listening on Device-mapper event daemon FIFOs.
         Starting Load Kernel Modules...
[[0;32m  OK  [0m] Listening on LVM2 poll daemon socket.
         [    6.722236] Loading iSCSI transport class v2.0-870.
Starting Remount Root and Kernel File Systems...
         Mounting Huge Pages File System...[    6.732941] iscsi: registered transport (tcp)

[[0;32m  OK  [0m] Listening on udev Control Socket.
[[0;32m  OK  [0m] Created slice system-serial\x2dgetty.slice.
         Mounting Kernel Debug File System...
[    6.757985] iscsi: registered transport (iser)
         Starting Uncomplicated firewall...
[[0;32m  OK  [0m] Listening on udev Kernel Socket.
         Starting udev Coldplug all Devices...
[[0;32m  OK  [0m] Listening on Network Service Netlink Socket.
[[0;32m  OK  [0m] Created slice User and Session Slice.
[[0;32m  OK  [0m] Reached target Slices.
[[0;32m  OK  [0m] Listening on /dev/initctl Compatibility Named Pipe.
[[    6.806125] EXT4-fs (sda1): re-mounted. Opts: (null)
[0;32m  OK  [0m] Reached target Swap.
         Starting Create list of required stâ€¦ce nodes for the current kernel...
         Starting Set the console keyboard layout...
[[0;32m  OK  [0m] Listening on LVM2 metadata daemon socket.
         Mounting POSIX Message Queue File System...
         Starting Monitoring of LVM2 mirrorsâ€¦ng dmeventd or progress polling...
[[0;32m  OK  [0m] Listening on Journal Audit Socket.
         Starting Journal Service...
[[0;32m  OK  [0m] Started Load Kernel Modules.
[[0;32m  OK  [0m] Started Remount Root and Kernel File Systems.
[[0;32m  OK  [0m] Mounted Huge Pages File System.
[[0;32m  OK  [0m] Mounted Kernel Debug File System.
[[0;32m  OK  [0m] Started Uncomplicated firewall.
[[0;32m  OK  [0m] Started Create list of required staâ€¦vice nodes for the current kernel.
[[0;32m  OK  [0m] Mounted POSIX Message Queue File System.
[[0;32m  OK  [0m] Started LVM2 metadata daemon.
         Starting Create Static Device Nodes in /dev...
         Starting Load/Save Random Seed...
         Starting Apply Kernel Variables...
         Mounting Kernel Configuration File System...
         Mounting FUSE Control File System...
[[0;32m  OK  [0m] Started Journal Service.
[[0;32m  OK  [0m] Started Monitoring of LVM2 mirrors,â€¦sing dmeventd or progress polling.
[[0;32m  OK  [0m] Started Create Static Device Nodes in /dev.
[[0;32m  OK  [0m] Mounted Kernel Configuration File System.
[[0;32m  OK  [0m] Mounted FUSE Control File System.
         Starting udev Kernel Device Manager...
         Starting Flush Journal to Persistent Storage...
[[0;32m  OK  [0m] Started udev Coldplug all Devices.
[[0;32m  OK  [0m] Started Load/Save Random Seed.
[    7.038197] systemd-journald[404]: Received request to flush runtime journal from PID 1
[[0;32m  OK  [0m] Started udev Kernel Device Manager.
[[0;32m  OK  [0m] Started Apply Kernel Variables.
[[0;32m  OK  [0m] Started Flush Journal to Persistent Storage.
[[0;32m  OK  [0m] Found device /dev/ttyS0.
[[0;32m  OK  [0m] Listening on Load/Save RF Kill Switch Status /dev/rfkill Watch.
[[0;32m  OK  [0m] Started Set the console keyboard layout.
[[0;32m  OK  [0m] Reached target Local File Systems (Pre).
[[0;32m  OK  [0m] Reached target Local File Systems.
         Starting ebtables ruleset management...
         Starting Tell Plymouth To Write Out Runtime Data...
         Starting Create Volatile Files and Directories...
         Starting Commit a transient machine-id on disk...
         Starting AppArmor initialization...
         Starting Set console font and keymap...
[[0;32m  OK  [0m] Started Dispatch Password Requests to Console Directory Watch.
[[0;32m  OK  [0m] Reached target Local Encrypted Volumes.
[[0;32m  OK  [0m] Started Tell Plymouth To Write Out Runtime Data.
[[0;32m  OK  [0m] Started Create Volatile Files and Directories.
         Starting Update UTMP about System Boot/Shutdown...
[[0;32m  OK  [0m] Started Set console font and keymap.
[[0;32m  OK  [0m] Started Update UTMP about System Boot/Shutdown.
[[0;32m  OK  [0m] Started Commit a transient machine-id on disk.
[[0;32m  OK  [0m] Started ebtables ruleset management.
[[0;32m  OK  [0m] Started AppArmor initialization.
         Starting Load AppArmor profiles managed internally by snapd...
         Starting Initial cloud-init job (pre-networking)...
[[0;32m  OK  [0m] Started Load AppArmor profiles managed internally by snapd.
[   10.251549] cloud-init[570]: Cloud-init v. 20.3-2-g371b392c-0ubuntu1~18.04.1 running 'init-local' at Thu, 11 Mar 2021 08:50:12 +0000. Up 9.92 seconds.
[[0;32m  OK  [0m] Started Initial cloud-init job (pre-networking).
[[0;32m  OK  [0m] Reached target Network (Pre).
         Starting Network Service...
[[0;32m  OK  [0m] Started Network Service.
         Starting Wait for Network to be Configured...
         Starting Network Name Resolution...
[[0;32m  OK  [0m] Started Network Name Resolution.
[[0;32m  OK  [0m] Reached target Network.
[[0;32m  OK  [0m] Reached target Host and Network Name Lookups.
[[0;32m  OK  [0m] Started Wait for Network to be Configured.
         Starting Initial cloud-init job (metadata service crawler)...
[   12.420064] cloud-init[679]: Cloud-init v. 20.3-2-g371b392c-0ubuntu1~18.04.1 running 'init' at Thu, 11 Mar 2021 08:50:14 +0000. Up 12.31 seconds.
[   12.434940] cloud-init[679]: ci-info: ++++++++++++++++++++++++++++++++++++++Net device info+++++++++++++++++++++++++++++++++++++++
[   12.451126] cloud-init[679]: ci-info: +--------+-------+----------------------------+---------------+--------+-------------------+
[   12.462858] cloud-init[679]: ci-info: | Device |   Up  |          Address           |      Mask     | Scope  |     Hw-Address    |
[   12.472030] cloud-init[679]: ci-info: +--------+-------+----------------------------+---------------+--------+-------------------+
[   12.486993] cloud-init[679]: ci-info: | enp0s3 |  True |         10.0.2.15          | 255.255.255.0 | global | 02:60:71:1d:34:36 |
[   12.495098] cloud-init[679]: ci-info: | enp0s3 |  True | fe80::60:71ff:fe1d:3436/64 |       .       |  link  | 02:60:71:1d:34:36 |
[   12.502139] cloud-init[679]: ci-info: | enp0s8 | False |             .              |       .       |   .    | 08:00:27:b4:6c:a8 |
[   12.508432] cloud-init[679]: ci-info: |   lo   |  True |         127.0.0.1          |   255.0.0.0   |  host  |         .         |
[   12.519628] cloud-init[679]: ci-info: |   lo   |  True |          ::1/128           |       .       |  host  |         .         |
[   12.528252] cloud-init[679]: ci-info: +--------+-------+----------------------------+---------------+--------+-------------------+
[   12.533432] cloud-init[679]: ci-info: ++++++++++++++++++++++++++++Route IPv4 info+++++++++++++++++++++++++++++
[   12.539224] cloud-init[679]: ci-info: +-------+-------------+----------+-----------------+-----------+-------+
[   12.544708] cloud-init[679]: ci-info: | Route | Destination | Gateway  |     Genmask     | Interface | Flags |
[   12.551968] cloud-init[679]: ci-info: +-------+-------------+----------+-----------------+-----------+-------+
[   12.561085] cloud-init[679]: ci-info: |   0   |   0.0.0.0   | 10.0.2.2 |     0.0.0.0     |   enp0s3  |   UG  |
[   12.580387] cloud-init[679]: ci-info: |   1   |   10.0.2.0  | 0.0.0.0  |  255.255.255.0  |   enp0s3  |   U   |
[   12.587413] cloud-init[679]: ci-info: |   2   |   10.0.2.2  | 0.0.0.0  | 255.255.255.255 |   enp0s3  |   UH  |
[   12.593057] cloud-init[679]: ci-info: +-------+-------------+----------+-----------------+-----------+-------+
[   12.625016] cloud-init[679]: ci-info: +++++++++++++++++++Route IPv6 info+++++++++++++++++++
[   12.644748] cloud-init[679]: ci-info: +-------+-------------+---------+-----------+-------+
[   12.650543] cloud-init[679]: ci-info: | Route | Destination | Gateway | Interface | Flags |
[   12.662791] cloud-init[679]: ci-info: +-------+-------------+---------+-----------+-------+
[   12.674216] cloud-init[679]: ci-info: |   1   |  fe80::/64  |    ::   |   enp0s3  |   U   |
[   12.680217] cloud-init[679]: ci-info: |   3   |    local    |    ::   |   enp0s3  |   U   |
[   12.685544] cloud-init[679]: ci-info: |   4   |   ff00::/8  |    ::   |   enp0s3  |   U   |
[   12.699518] cloud-init[679]: ci-info: +-------+-------------+---------+-----------+-------+
[   13.189205] cloud-init[679]: Generating public/private rsa key pair.
[   13.200865] cloud-init[679]: Your identification has been saved in /etc/ssh/ssh_host_rsa_key.
[   13.205080] cloud-init[679]: Your public key has been saved in /etc/ssh/ssh_host_rsa_key.pub.
[   13.221414] cloud-init[679]: The key fingerprint is:
[   13.225152] cloud-init[679]: SHA256:GjzVJdRx8CDqwVccRq7gCjPThYcdjnAWqMjk4looq3Y root@ubuntu-bionic
[   13.229226] cloud-init[679]: The key's randomart image is:
[   13.232706] cloud-init[679]: +---[RSA 2048]----+
[   13.242422] cloud-init[679]: |    ..+...++X+.  |
[   13.245823] cloud-init[679]: | .  .+ B + Bo+   |
[   13.253245] cloud-init[679]: |+. .  + @ o . .  |
[[0;32m  OK  [0m] Started Initial cloud-init job (metadata service crawler).
[[0;32m  OK  [0m[   13.260273] cloud-init[679]: |oo.  o * + .     |
[   13.263426] ] Reached target Cloud-config availability.
[[0;32m  OK  [0m] cloud-init[679]: |o.  = = S .      |
[   13.270896] cloud-initReached target System Initialization.
[[0;32m  OK  [0m] Listening on Open-iSCSI iscsid Socket.
         Starting Socket activation for snappy daemon.[679]: 
[[0;32m  OK  [0m] Listening on D-Bus System Message Bus Socket.
[[0;32m  OK  [0m] Started Daily apt download activities.
|o..  = =         |
[   13.291725] [[0;32m  OK  [0m] Started Daily apt upgrade and clean activities.
[[0;32m  OK  [0m] Started Daily Cleanup of Temporary Directories.
cloud-init[679]: |oo    o          |
[[0;32m  OK  [0m] Listening on UUID daemon activation socket.
[   13.304948] cloud-init[679]: |o. E             |
[[0;32m  OK  [0m] Started ACPI Events Check.
[   13.312122] cloud-init[679]: |+ .              |
[[0;32m  OK  [0m] Reached target Paths.
[   13.318467] cloud-init[679]: [[0;32m  OK  [0m] Listening on ACPID Listen Socket.
+----[SHA256]-----+
[   13.325082] cloud-init[679]: Generating public/private dsa key pair.
         Starting LXD - unix socket.
[[0;32m  OK  [0m[   13.332312] cloud-init[679]: Your identification has been saved in /etc/ssh/ssh_host_dsa_key.
] Started Message of the Day.
[[0;32m  OK  [0m] Started Discard unused blocks once a week.
[[0;32m  OK  [0m] Reached target Timers.
[[0;32m  OK  [0m] Reached target Network is Online.
[   13.349925] cloud-init[679]: Your public key has been saved in /etc/ssh/ssh_host_dsa_key.pub.[[0;32m  OK  [0m] Reached target Remote File Systems (Pre).
[[0;32m  OK  [0m] Reached target Remote File Systems.
[   13.362101] cloud-init[679]: The key fingerprint is:
         Starting Availability of block devices...
[[0;32m  OK  [0m] Listening on Socket activation for snappy daemon.

[   13.370489] cloud-init[679]: SHA256:J66Vog4Y64dz22DJdRLFNrwBXevHGAvyvmrYRhdl6Rc root@ubuntu-bionic
[[0;32m  OK  [0m] Listening on LXD - unix socket.
[[0;32m  OK  [0m] Reached target Sockets.
[   13.386085] [[0;32m  OK  [0m] Reached target Basic System.
cloud-init[679]: The key's randomart image is:
[[0;32m  OK  [0m] Started D-Bus System Message Bus.
[   13.398776] cloud-init[679]: +---[DSA 1024]----+
[   13.412456] cloud-init[679]: |     .=....      |
[   13.424637] cloud-init[679]: |      .B +.E     |
[   13.431369] cloud-init[679]: |     o..Bo  .    |
[   13.442145] cloud-init[679]: |      +oo.=.     |[[0;32m  OK  [0m] Started irqbalance daemon.
[[0;32m  OK  [0m] Started Regular background program processing daemon.

         Starting Accounts Service...
[[0;32m  OK  [0m] Started Deferred execution scheduler.
[   13.461151] cloud-init         [679]: Starting Virtualbox guest utils...
|.    o oS+oo     |
         Starting LSB: automatic crash report generation...[   13.475827] 
[[0;32m  OK  [0m] Started FUSE filesystem for LXC.
         Starting LXD - container startup/shutdown...
cloud-init[679]: | +. o.+o +.      |
[   13.498237] cloud-init[679]: |o o=+ o.+        |
[   13.504770] cloud-init[679]: |.o.=o= +.        |
[   13.514402] cloud-init[679]: | .+o*oo.         |
[   13.524947] cloud-init[679]: +----[SHA256]-----+
[   13.533805] cloud-init[679]: Generating public/private ecdsa key pair.
         Starting Pollinate to seed the pseudo random number generator...
[   13.554268] cloud-init[679]: Your identification has been saved in /etc/ssh/ssh_host_ecdsa_key.         Starting Permit User Sessions...
         Starting Login Service...

[   13.585863] cloud-init[679]: Your public key has been saved in /etc/ssh/ssh_host_ecdsa_key.pub.         Starting Dispatcher daemon for systemd-networkd...

[   13.599007] cloud-init[679]: The key fingerprint is:
[   13.612051] cloud-init[679]: SHA256:QJfJEkkryPTWelI5szSnwnTyuc5Ze+Uwo9/oc5wmjiE root@ubuntu-bionic
[   13.619069] cloud-init[679]: The key's randomart image is:
[   13.628051] cloud-init[679]: +---[ECDSA 256]---+
[   13.638434] cloud-init[679]: |  .  .++.o       |
[   13.660594]          Starting Snap Daemon...
         Starting LSB: Record successful boot for GRUB...
         Starting System Logging Service...
[[0;32m  OK  [0m] Started Availability of block devices.
cloud-init[679]: | o o oo++        |
[[0;32m  OK  [0m] Started Permit User Sessions.
[   13.696629] cloud-init[679]: |  o * %..        |
[   13.716667] cloud-init[679]: |   + O X         |
[   13.722108] cloud-init[679]: |    = * S        |
[   13.734922] cloud-init[679]: |     + .  + .    |
[   13.746467] cloud-init[679]: |      E o. B .   |
[   13.764923] cloud-init[679]: |     o +.++o*    |
[   13.770510] cloud-init[679]: |      + o===.    |
[   13.788844] cloud-init[679]: +----[SHA256]-----+
[   13.800207] cloud-init[679]: Generating public/private ed25519 key pair.
[   13.805987] cloud-init[679]: Your identification has been saved in /etc/ssh/ssh_host_ed25519_key.[[0;32m  OK  [0m] Started System Logging Service.
[[0;32m  OK  [0m] Started Login Service.
[[0;32m  OK  [0m] Started Unattended Upgrades Shutdown.
         Starting Authorization Manager...
         Starting Hold until boot process finishes up...
         Starting Terminate Plymouth Boot Screen...
[[0;32m  OK  [0m] Started Hold until boot process finishes up.

[[0;32m  OK  [0m] Started Serial Getty on ttyS0.
[   13.880715] cloud-init[679]:          Starting Set console scheme...
[[0;32m  OK  [0m] Started Terminate Plymouth Boot Screen.
Your public key has been saved in /etc/ssh/ssh_host_ed25519_key.pub.
[   13.920545] cloud-init[679]: The key fingerprint is:
[   13.956256] cloud-init[679]: SHA256:JRf68NyNJiDIWDFFQ+egosmZlcGhtrMgvBUed+KfifQ root@ubuntu-bionic
[   13.985954] cloud-init[679]: The key's randomart image is:
[   14.017546] cloud-init[679]: +--[ED25519 256]--+
[[0;32m  OK  [0m] Started Set console scheme.
[[0;32m  OK  [0m] Created slice system-getty.slice.
[[0;32m  OK  [0m] Started Getty on tty1.
[[0;32m  OK  [0m] Reached target Login Prompts.
[   14.044654] cloud-init[[0;32m  OK  [0m] Started LSB: automatic crash report generation.
[679]: |  .o==* . .      |
[   14.080398] cloud-init[679]: |  .=o+ = . .     |
[   14.108175] cloud-init[679]: [[0;32m  OK  [0m] Started Authorization Manager.
[[0;32m  OK  [0m] Started Accounts Service.
| oo=+o..* o      |
[   14.139583] cloud-init[679]: |+o*.= o. X . o   |
[   14.256557] cloud-init[679]: |=B o o  S = + .  |
[[0;32m  OK  [0m] Started LXD - container startup/shutdown.
[   14.276092] cloud-init[679]: |o = . + o  o     |[[0;32m  OK  [0m] Started LSB: Record successful boot for GRUB.

[   14.305311] cloud-init[679]: | o   . E         |
[   14.318710] cloud-init[679]: |                 |
[   14.328509] cloud-init[679]: |                 |
[   14.346580] cloud-init[679]: +----[SHA256]-----+
[[0;32m  OK  [0m] Started Virtualbox guest utils.
[[0;32m  OK  [0m] Started Dispatcher daemon for systemd-networkd.
[[0;32m  OK  [0m] Started Pollinate to seed the pseudo random number generator.
         Starting OpenBSD Secure Shell server...
[[0;32m  OK  [0m] Started OpenBSD Secure Shell server.
[[0;32m  OK  [0m] Started Snap Daemon.
         Starting Wait until snapd is fully seeded...
[[0;32m  OK  [0m] Started Wait until snapd is fully seeded.
         Starting Apply the settings specified in cloud-config...
[[0;32m  OK  [0m] Reached target Multi-User System.
[[0;32m  OK  [0m] Reached target Graphical Interface.
         Starting Update UTMP about System Runlevel Changes...
[[0;32m  OK  [0m] Started Update UTMP about System Runlevel Changes.
[   16.836872] cloud-init[1075]: Cloud-init v. 20.3-2-g371b392c-0ubuntu1~18.04.1 running 'modules:config' at Thu, 11 Mar 2021 08:50:18 +0000. Up 16.39 seconds.
[[0;32m  OK  [0m] Started Apply the settings specified in cloud-config.
         Starting Execute cloud user/final scripts...
ci-info: no authorized SSH keys fingerprints found for user ubuntu.
<14>Mar 11 08:50:19 ec2: 
<14>Mar 11 08:50:19 ec2: #############################################################
<14>Mar 11 08:50:19 ec2: -----BEGIN SSH HOST KEY FINGERPRINTS-----
<14>Mar 11 08:50:19 ec2: 1024 SHA256:J66Vog4Y64dz22DJdRLFNrwBXevHGAvyvmrYRhdl6Rc root@ubuntu-bionic (DSA)
<14>Mar 11 08:50:19 ec2: 256 SHA256:QJfJEkkryPTWelI5szSnwnTyuc5Ze+Uwo9/oc5wmjiE root@ubuntu-bionic (ECDSA)
<14>Mar 11 08:50:19 ec2: 256 SHA256:JRf68NyNJiDIWDFFQ+egosmZlcGhtrMgvBUed+KfifQ root@ubuntu-bionic (ED25519)
<14>Mar 11 08:50:19 ec2: 2048 SHA256:GjzVJdRx8CDqwVccRq7gCjPThYcdjnAWqMjk4looq3Y root@ubuntu-bionic (RSA)
<14>Mar 11 08:50:19 ec2: -----END SSH HOST KEY FINGERPRINTS-----
<14>Mar 11 08:50:19 ec2: #############################################################
-----BEGIN SSH HOST KEY KEYS-----
ecdsa-sha2-nistp256 AAAAE2VjZHNhLXNoYTItbmlzdHAyNTYAAAAIbmlzdHAyNTYAAABBBMczgyperKkYNJvIUqzPiCmNy6ZigGRRN/QKMBb1kA0R2ocAZhiRQwHEoVg6sUdwJIanckVZW4ehxCb1C0ZsDbg= root@ubuntu-bionic
ssh-ed25519 AAAAC3NzaC1lZDI1NTE5AAAAIEtL0Mobzjh5TULNKY5ilRRHDBOSJvBIrJdFQINErRYG root@ubuntu-bionic
ssh-rsa AAAAB3NzaC1yc2EAAAADAQABAAABAQCblvXXKiSql7xuIsExkajsc+7XYJh72vVIQczdRHohlBkATbrnHonh7AFt7Gq+gtRm+oS3zNaE2T1b575cGcX74bqCteZiWbPrcyEfKL+v7Btsec1ZySlXUjy0Q4TdNHTvpBnInFoVsziQpgLSg+opG+MZok7nXs1ZbBsbryh5Rm5g2dyL4BN9SpsP4fXlCdjGwOWdXNULPvTgPbujxmMzHHQmfOT6395qt4yHl4NZU1pGAbN7Kia7iKma3mfDfQ3Va5Jvus0EbxWmPExeLEtnwlhSw+zpMIa4bppK6NQf8xZCwfkQHtpEt7+T6eoIV52m7SWitc1qsBo7muovUko1 root@ubuntu-bionic
-----END SSH HOST KEY KEYS-----
[   17.297839] cloud-init[1118]: Cloud-init v. 20.3-2-g371b392c-0ubuntu1~18.04.1 running 'modules:final' at Thu, 11 Mar 2021 08:50:19 +0000. Up 17.16 seconds.
[   17.312715] cloud-init[1118]: ci-info: no authorized SSH keys fingerprints found for user ubuntu.
[   17.316990] cloud-init[1118]: Cloud-init v. 20.3-2-g371b392c-0ubuntu1~18.04.1 finished at Thu, 11 Mar 2021 08:50:19 +0000. Datasource DataSourceNoCloud [seed=/dev/sdb][dsmode=net].  Up 17.29 seconds
[[0;32m  OK  [0m] Started Execute cloud user/final scripts.
[[0;32m  OK  [0m] Reached target Cloud-init target.

Ubuntu 18.04.5 LTS ubuntu-bionic ttyS0

ubuntu-bionic login: 